// Jest Snapshot v1, https://goo.gl/fbAQLP

exports[`SearchComponent should render properly 1`] = `
<div>
  <form
    id="form"
    onSubmit={[Function]}
  >
    <input
      id="search"
      name="search"
      onChange={[Function]}
      placeholder="Stock Ticker"
      type="text"
      value=""
    />
    <button
      id="searchBtn"
      type="submit"
    >
      Search
    </button>
  </form>
  <p>
    
  </p>
</div>
`;
